Running Gradle task 'assembleRelease'...                        
flutter : lib/pages/auth/auth_page.dart:10:3: Error: Type 'ConsumerState' not found.
At line:1 char:1
+ flutter build apk > build_errors.txt 2>&1
+ ~~~~~~~~~~~~~~~~~~~~~~~~~~~~~~~~~~~~~~~~~
    + CategoryInfo          : NotSpecified: (lib/pages/auth/...ate' not found.:String) [], RemoteException
    + FullyQualifiedErrorId : NativeCommandError
 
  ConsumerState<AuthPage> createState() => _AuthPageState();
  ^^^^^^^^^^^^^
lib/pages/main/history_screen.dart:13:3: Error: Type 'ConsumerState' not found.
  ConsumerState<HistoryScreen> createState() => _HistoryScreenState();
  ^^^^^^^^^^^^^
lib/main.dart:29:37: Error: Local variable 'themeProvider' can't be referenced before it is declared.
    final themeProvider = ref.watch(themeProvider);
                                    ^^^^^^^^^^^^^
lib/main.dart:29:11: Context: This is the declaration of the variable 'themeProvider'.
    final themeProvider = ref.watch(themeProvider);
          ^^^^^^^^^^^^^
lib/main.dart:35:32: Error: The getter 'mode' isn't defined for the type 'ChangeNotifierProvider<ThemeProvider>'.
 - 'ChangeNotifierProvider' is from 'package:flutter_riverpod/src/change_notifier_provider.dart' ('/C:/Users/Manohar/Ap
pData/Local/Pub/Cache/hosted/pub.dev/flutter_riverpod-2.6.1/lib/src/change_notifier_provider.dart').
 - 'ThemeProvider' is from 'package:my_expenses/core/theme/theme_provider.dart' ('lib/core/theme/theme_provider.dart').
Try correcting the name to the name of an existing getter, or defining a getter or field named 'mode'.
      themeMode: themeProvider.mode,
                               ^^^^
lib/pages/main/main_scaffold.dart:307:47: Error: Local variable 'authProvider' can't be referenced before it is 
declared.
                final authProvider = ref.read(authProvider);
                                              ^^^^^^^^^^^^
lib/pages/main/main_scaffold.dart:307:23: Context: This is the declaration of the variable 'authProvider'.
                final authProvider = ref.read(authProvider);
                      ^^^^^^^^^^^^
lib/pages/main/main_scaffold.dart:309:38: Error: The method 'updateCurrency' isn't defined for the type 
'ChangeNotifierProvider<AuthProvider>'.
 - 'ChangeNotifierProvider' is from 'package:flutter_riverpod/src/change_notifier_provider.dart' ('/C:/Users/Manohar/Ap
pData/Local/Pub/Cache/hosted/pub.dev/flutter_riverpod-2.6.1/lib/src/change_notifier_provider.dart').
 - 'AuthProvider' is from 'package:my_expenses/core/auth/auth_provider.dart' ('lib/core/auth/auth_provider.dart').
Try correcting the name to the name of an existing method, or defining a method named 'updateCurrency'.
                  await authProvider.updateCurrency(selectedCurrency);
                                     ^^^^^^^^^^^^^^
lib/pages/main/settings_page.dart:37:36: Error: Local variable 'authProvider' can't be referenced before it is 
declared.
    final authProvider = ref.watch(authProvider);
                                   ^^^^^^^^^^^^
lib/pages/main/settings_page.dart:37:11: Context: This is the declaration of the variable 'authProvider'.
    final authProvider = ref.watch(authProvider);
          ^^^^^^^^^^^^
lib/pages/main/settings_page.dart:38:37: Error: Local variable 'themeProvider' can't be referenced before it is 
declared.
    final themeProvider = ref.watch(themeProvider);
                                    ^^^^^^^^^^^^^
lib/pages/main/settings_page.dart:38:11: Context: This is the declaration of the variable 'themeProvider'.
    final themeProvider = ref.watch(themeProvider);
          ^^^^^^^^^^^^^
lib/pages/main/settings_page.dart:39:35: Error: The getter 'state' isn't defined for the type 
'ChangeNotifierProvider<AuthProvider>'.
 - 'ChangeNotifierProvider' is from 'package:flutter_riverpod/src/change_notifier_provider.dart' ('/C:/Users/Manohar/Ap
pData/Local/Pub/Cache/hosted/pub.dev/flutter_riverpod-2.6.1/lib/src/change_notifier_provider.dart').
 - 'AuthProvider' is from 'package:my_expenses/core/auth/auth_provider.dart' ('lib/core/auth/auth_provider.dart').
Try correcting the name to the name of an existing getter, or defining a getter or field named 'state'.
    final userName = authProvider.state.userName ?? "User";
                                  ^^^^^
lib/pages/main/settings_page.dart:40:36: Error: The getter 'state' isn't defined for the type 
'ChangeNotifierProvider<AuthProvider>'.
 - 'ChangeNotifierProvider' is from 'package:flutter_riverpod/src/change_notifier_provider.dart' ('/C:/Users/Manohar/Ap
pData/Local/Pub/Cache/hosted/pub.dev/flutter_riverpod-2.6.1/lib/src/change_notifier_provider.dart').
 - 'AuthProvider' is from 'package:my_expenses/core/auth/auth_provider.dart' ('lib/core/auth/auth_provider.dart').
Try correcting the name to the name of an existing getter, or defining a getter or field named 'state'.
    final userEmail = authProvider.state.userEmail ?? "";
                                   ^^^^^
lib/pages/main/settings_page.dart:41:47: Error: The getter 'state' isn't defined for the type 
'ChangeNotifierProvider<AuthProvider>'.
 - 'ChangeNotifierProvider' is from 'package:flutter_riverpod/src/change_notifier_provider.dart' ('/C:/Users/Manohar/Ap
pData/Local/Pub/Cache/hosted/pub.dev/flutter_riverpod-2.6.1/lib/src/change_notifier_provider.dart').
 - 'AuthProvider' is from 'package:my_expenses/core/auth/auth_provider.dart' ('lib/core/auth/auth_provider.dart').
Try correcting the name to the name of an existing getter, or defining a getter or field named 'state'.
    final userIncomeCategories = authProvider.state.effectiveIncomeCategories;
                                              ^^^^^
lib/pages/main/settings_page.dart:42:48: Error: The getter 'state' isn't defined for the type 
'ChangeNotifierProvider<AuthProvider>'.
 - 'ChangeNotifierProvider' is from 'package:flutter_riverpod/src/change_notifier_provider.dart' ('/C:/Users/Manohar/Ap
pData/Local/Pub/Cache/hosted/pub.dev/flutter_riverpod-2.6.1/lib/src/change_notifier_provider.dart').
 - 'AuthProvider' is from 'package:my_expenses/core/auth/auth_provider.dart' ('lib/core/auth/auth_provider.dart').
Try correcting the name to the name of an existing getter, or defining a getter or field named 'state'.
    final userExpenseCategories = authProvider.state.effectiveExpenseCategories;
                                               ^^^^^
lib/pages/main/settings_page.dart:43:39: Error: The getter 'state' isn't defined for the type 
'ChangeNotifierProvider<AuthProvider>'.
 - 'ChangeNotifierProvider' is from 'package:flutter_riverpod/src/change_notifier_provider.dart' ('/C:/Users/Manohar/Ap
pData/Local/Pub/Cache/hosted/pub.dev/flutter_riverpod-2.6.1/lib/src/change_notifier_provider.dart').
 - 'AuthProvider' is from 'package:my_expenses/core/auth/auth_provider.dart' ('lib/core/auth/auth_provider.dart').
Try correcting the name to the name of an existing getter, or defining a getter or field named 'state'.
    final userCurrency = authProvider.state.effectiveCurrency;
                                      ^^^^^
lib/pages/main/settings_page.dart:45:28: Error: Not enough type information to disambiguate between literal set and 
literal map.
Try providing type arguments for the literal explicitly to disambiguate it.
    final userCategories = {
                           ^
lib/pages/main/settings_page.dart:49:38: Error: The getter 'mode' isn't defined for the type 
'ChangeNotifierProvider<ThemeProvider>'.
 - 'ChangeNotifierProvider' is from 'package:flutter_riverpod/src/change_notifier_provider.dart' ('/C:/Users/Manohar/Ap
pData/Local/Pub/Cache/hosted/pub.dev/flutter_riverpod-2.6.1/lib/src/change_notifier_provider.dart').
 - 'ThemeProvider' is from 'package:my_expenses/core/theme/theme_provider.dart' ('lib/core/theme/theme_provider.dart').
Try correcting the name to the name of an existing getter, or defining a getter or field named 'mode'.
    final isDarkMode = themeProvider.mode == ThemeMode.dark;
                                     ^^^^
lib/pages/main/settings_page.dart:236:34: Error: The getter 'state' isn't defined for the type 
'ChangeNotifierProvider<AuthProvider>'.
 - 'ChangeNotifierProvider' is from 'package:flutter_riverpod/src/change_notifier_provider.dart' ('/C:/Users/Manohar/Ap
pData/Local/Pub/Cache/hosted/pub.dev/flutter_riverpod-2.6.1/lib/src/change_notifier_provider.dart').
 - 'AuthProvider' is from 'package:my_expenses/core/auth/auth_provider.dart' ('lib/core/auth/auth_provider.dart').
Try correcting the name to the name of an existing getter, or defining a getter or field named 'state'.
                    authProvider.state.appLockEnabled
                                 ^^^^^
lib/pages/main/settings_page.dart:237:41: Error: The getter 'state' isn't defined for the type 
'ChangeNotifierProvider<AuthProvider>'.
 - 'ChangeNotifierProvider' is from 'package:flutter_riverpod/src/change_notifier_provider.dart' ('/C:/Users/Manohar/Ap
pData/Local/Pub/Cache/hosted/pub.dev/flutter_riverpod-2.6.1/lib/src/change_notifier_provider.dart').
 - 'AuthProvider' is from 'package:my_expenses/core/auth/auth_provider.dart' ('lib/core/auth/auth_provider.dart').
Try correcting the name to the name of an existing getter, or defining a getter or field named 'state'.
                        ? (authProvider.state.appLockUseBiometric
                                        ^^^^^
Target kernel_snapshot_program failed: Exception


FAILURE: Build failed with an exception.

* What went wrong:
Execution failed for task ':app:compileFlutterBuildRelease'.
> Process 'command 'D:\Flutter\flutter\bin\flutter.bat'' finished with non-zero exit value 1

* Try:
> Run with --stacktrace option to get the stack trace.
> Run with --info or --debug option to get more log output.
> Run with --scan to get full insights.
> Get more help at https://help.gradle.org.

BUILD FAILED in 39s
Running Gradle task 'assembleRelease'...                           39.7s
Gradle task assembleRelease failed with exit code 1
